{"logTime": "0811/071236", "correlationVector":"TbKVbtf1lUVGX7XwceVMQp.1","action":"SyncServerConnectionManagerRequest", "result":"SYNC_SERVER_OK", "context":{"environment":"Prod_westeurope_prod-s01-080-eur-westeurope", "migrationStage":"NotStarted", "server":"akswtt00400000d"}}
{"logTime": "0811/071236", "correlationVector":"TbKVbtf1lUVGX7XwceVMQp.2","action":"ProcessGetUpdates", "result":"Done", "context":{"dataType":"Encryption Keys", "deleted":"0", "process_failed_to_decrypt":"0", "process_pending_decryption":"0", "process_success":"1", "total":"1"}}
{"logTime": "0811/071237", "correlationVector":"945dtdG4AKKzAWDOfXaB5x","action":"SyncServerConnectionManagerRequest", "result":"SYNC_SERVER_OK", "context":{"environment":"", "migrationStage":"", "server":""}}
{"logTime": "0811/071237", "correlationVector":"945dtdG4AKKzAWDOfXaB5x.0","action":"EncryptionKeysFetcher.DownloadKeys:", "result":"Success", "context":Key count: 10, Last key timestamp: 2026-07-22T15:46:33Z}
{"logTime": "0811/071237", "correlationVector":"945dtdG4AKKzAWDOfXaB5x.1","action":"EncryptionKeysManager::SetEncryptionKeys:", "result":"Success", "context":Key names[10]:[ckfe2JXqXl96VVADcPvEDEzhH1ty3v4cZgA9FJF4aqJZhcUyVoCFaBJ6BniBLZURQtcmkLTJbgGPobjPvO2SwA==][BOb7AnrY4eq//1+u6SCMUbGggnz0C64KE7eg0rDsbGPSozU6W962btyWTy8tLljXMJ0aPC7X7SipVnKT4+fV1A==][7jfbs6zqxRDoJqv+a71PxiLuUQHtKdNyUPnHczbn8j7IpNrqPeNp3sZSdPF0JGAQuG8s5D2uBo67IUSzN3JKxg==][P7Vb2UyKMJhKK0H6n4nXdMhcIaL4ts6Lebn23oeXoBNAgmPtvYzIzX2KiJqucbFlykWEwsXTpAH2NJmZljZqNA==][QVNWa0oybv9NEjZqP712l4OxkBXpH5D4VWgwlj+G58W7aqauxyhsvMEHLSstI02uSsg+Cw+bogyx/gl4I3fFxg==][uOdip/WRg5y6tjxxgxuzlE4LpEkzBLimvtdiSHViDdentcJGkfRVdHPiVUeTgkiYM/r//EyY15cQkZYRJA+Zmw==][MslHd1gV9S/lXC0p2j+kyfudFdFA187iggxm4DyTJ5ku96ZDDHJiPjuNl/l2NIBRqYZqKZKleUPyB/Pgin1waQ==][m1qRA2FvTKmv04V0T7lP3SyxbZZHsuAFg7j27pP/OgyE/B+l4lWT/Dool7NgwX5JFd8U1d0jiFpIg6VlhV5tfQ==][Kzq5jJpv6G65CTSA71de60+qG3DyMEcUpI/heyuwCR69uP3a1UIR1ZkRljGRPT8iGfLFwgBXsFcy7bNUdp+wiA==][P+js4f9JHa81oOJdW0Pe/PImMOeQhEo/aSI6XTumRW+fwAu6YEy7EHdoaQkBWihmylrQLI6/wjWWdg4fiT28tA==]}
{"logTime": "0811/071237", "correlationVector":"945dtdG4AKKzAWDOfXaB5x.2","action":"EncryptionKeysManager::SetEncryptionKeysWithTimestamps:", "result":"Success", "context":Key timestamps[10]:[2025-01-02T14:42:52Z][2025-01-09T10:11:16Z][2025-01-17T10:09:28Z][2025-04-03T14:28:22Z][2025-10-10T12:01:03Z][2025-10-10T12:03:51Z][2025-10-23T12:05:51Z][2025-12-09T11:04:33Z][2025-12-19T09:38:49Z][2026-07-22T15:46:33Z]}
{"logTime": "0811/071237", "correlationVector":"TbKVbtf1lUVGX7XwceVMQp","action":"Initial GetUpdates", "result":"", "context":Reason: NEW_CLIENT. cV=TbKVbtf1lUVGX7XwceVMQp}
{"logTime": "0811/071237", "correlationVector":"TbKVbtf1lUVGX7XwceVMQp.3","action":"GetUpdates Response", "result":"Success", "context":Received 1 update(s). cV=TbKVbtf1lUVGX7XwceVMQp.0;server=akswtt00400000d;cloudType=Consumer;environment=Prod_westeurope_prod-s01-080-eur-westeurope;migrationStage=NotStarted}
{"logTime": "0811/071237", "correlationVector":"GJFCYdBfDSIjtgd+8ODolo","action":"Initial GetUpdates", "result":"", "context":Reason: NEWLY_SUPPORTED_DATATYPE. cV=GJFCYdBfDSIjtgd+8ODolo}
{"logTime": "0811/071237", "correlationVector":"GJFCYdBfDSIjtgd+8ODolo.1","action":"SyncServerConnectionManagerRequest", "result":"SYNC_SERVER_OK", "context":{"environment":"Prod_germanywestcentral_prod-s01-011-eur-germanywestcentral", "migrationStage":"NotStarted", "server":"akswtt10300001e"}}
{"logTime": "0811/071237", "correlationVector":"GJFCYdBfDSIjtgd+8ODolo.2","action":"ProcessGetUpdates", "result":"Done", "context":{"dataType":"Device Info", "deleted":"0", "process_failed_to_decrypt":"0", "process_pending_decryption":"0", "process_success":"5", "total":"5"}}
{"logTime": "0811/071240", "correlationVector":"GJFCYdBfDSIjtgd+8ODolo.3","action":"GetUpdates Response", "result":"Success", "context":Received 5 update(s). cV=GJFCYdBfDSIjtgd+8ODolo.0;server=akswtt10300001e;cloudType=Consumer;environment=Prod_germanywestcentral_prod-s01-011-eur-germanywestcentral;migrationStage=NotStarted}
{"logTime": "0811/071240", "correlationVector":"wgXW9nr9buxzufN3Qn5N4a","action":"Initial GetUpdates", "result":"", "context":Reason: NEWLY_SUPPORTED_DATATYPE. cV=wgXW9nr9buxzufN3Qn5N4a}
{"logTime": "0811/071240", "correlationVector":"wgXW9nr9buxzufN3Qn5N4a.1","action":"SyncServerConnectionManagerRequest", "result":"SYNC_SERVER_OK", "context":{"environment":"Prod_westeurope_prod-s01-080-eur-westeurope", "migrationStage":"NotStarted", "server":"akswtt00400001z"}}
{"logTime": "0811/071240", "correlationVector":"wgXW9nr9buxzufN3Qn5N4a.2","action":"ProcessGetUpdates", "result":"Done", "context":{"dataType":"Extensions", "deleted":"0", "process_failed_to_decrypt":"0", "process_pending_decryption":"0", "process_success":"1", "total":"1"}}
{"logTime": "0811/071240", "correlationVector":"wgXW9nr9buxzufN3Qn5N4a.3","action":"GetUpdates Response", "result":"Success", "context":Received 1 update(s). cV=wgXW9nr9buxzufN3Qn5N4a.0;server=akswtt00400001z;cloudType=Consumer;environment=Prod_westeurope_prod-s01-080-eur-westeurope;migrationStage=NotStarted}
{"logTime": "0811/071240", "correlationVector":"RTRlxPBJXPNiwhQv/j9/rN","action":"Normal GetUpdate request", "result":"", "context":cV=RTRlxPBJXPNiwhQv/j9/rN
Nudged types: Device Info
Refresh requested types: Extensions, Extension settings, Device Info, User Consents, Send Tab To Self, Web Apps, Encryption Keys}
{"logTime": "0811/071240", "correlationVector":"RTRlxPBJXPNiwhQv/j9/rN.1","action":"SyncServerConnectionManagerRequest", "result":"SYNC_SERVER_OK", "context":{"environment":"Prod_westeurope_prod-s01-080-eur-westeurope", "migrationStage":"NotStarted", "server":"akswtt004000017"}}
{"logTime": "0811/071240", "correlationVector":"RTRlxPBJXPNiwhQv/j9/rN.2","action":"GetUpdates Response", "result":"Success", "context":Received 0 update(s). cV=RTRlxPBJXPNiwhQv/j9/rN.0;server=akswtt004000017;cloudType=Consumer;environment=Prod_westeurope_prod-s01-080-eur-westeurope;migrationStage=NotStarted}
{"logTime": "0811/071240", "correlationVector":"lkTyz6em/Bk5nlEvkdxf09","action":"DoCompareDataConsistency requsted types: ", "result":"Extensions, Extension settings, Send Tab To Self, Web Apps, Encryption Keys"}
{"logTime": "0811/071240", "correlationVector":"lkTyz6em/Bk5nlEvkdxf09.0","action":"CompareDataConsistency result: ", "result":"Compare result: Encryption Keys is consistent. local entities count is: 1 local entities hash is: VL2UHv1uCwRDlmNBq98FM2/7xNU="}
{"logTime": "0811/071240", "correlationVector":"lkTyz6em/Bk5nlEvkdxf09.1","action":"CompareDataConsistency result: ", "result":"Compare result: Extensions is consistent. local entities count is: 1 local entities hash is: CZp4KQWJ285wwTC7+hBYpHY3y20="}
{"logTime": "0811/071240", "correlationVector":"lkTyz6em/Bk5nlEvkdxf09.2","action":"CompareDataConsistency result: ", "result":"Compare result: Extension settings is consistent. local entities count is: 0 local entities hash is: "}
{"logTime": "0811/071240", "correlationVector":"lkTyz6em/Bk5nlEvkdxf09.3","action":"CompareDataConsistency result: ", "result":"Server did not send this Send Tab To Self local entities count is: 0 local entities hash is: "}
{"logTime": "0811/071240", "correlationVector":"lkTyz6em/Bk5nlEvkdxf09.4","action":"CompareDataConsistency result: ", "result":"Compare result: Web Apps is consistent. local entities count is: 0 local entities hash is: "}
{"logTime": "0811/071240", "correlationVector":"v3go+XrRw4piqFlCRFlD0w","action":"Commit Request", "result":"", "context":Item count: 1
Contributing types: Device Info}
{"logTime": "0811/071240", "correlationVector":"v3go+XrRw4piqFlCRFlD0w.1","action":"SyncServerConnectionManagerRequest", "result":"SYNC_SERVER_OK", "context":{"environment":"Prod_germanywestcentral_prod-s01-010-eur-germanywestcentral", "migrationStage":"NotStarted", "server":"akswtt00400000o"}}
{"logTime": "0811/071240", "correlationVector":"v3go+XrRw4piqFlCRFlD0w.2","action":"Commit Response", "result":"Success", "context":Result: Success. cV=v3go+XrRw4piqFlCRFlD0w.0;server=akswtt00400000o;cloudType=Consumer;environment=Prod_germanywestcentral_prod-s01-010-eur-germanywestcentral;migrationStage=NotStarted}
{"logTime": "0811/071240", "correlationVector":"","action":"DIAGNOSTIC_REQUEST|v1/diagnosticData/Diagnostic.SendCheckResult()|SUCCESS", "result":""}
{"logTime": "0811/071246", "correlationVector":"rr2FfqiGFNB3CQ3yITJQn6","action":"Commit Request", "result":"", "context":Item count: 1
Contributing types: Extensions}
{"logTime": "0811/071247", "correlationVector":"rr2FfqiGFNB3CQ3yITJQn6.1","action":"SyncServerConnectionManagerRequest", "result":"SYNC_SERVER_OK", "context":{"environment":"Prod_westeurope_prod-s01-080-eur-westeurope", "migrationStage":"NotStarted", "server":"akswtt004000017"}}
{"logTime": "0811/071247", "correlationVector":"rr2FfqiGFNB3CQ3yITJQn6.2","action":"Commit Response", "result":"Success", "context":Result: Success. cV=rr2FfqiGFNB3CQ3yITJQn6.0;server=akswtt004000017;cloudType=Consumer;environment=Prod_westeurope_prod-s01-080-eur-westeurope;migrationStage=NotStarted}
{"logTime": "0811/071303", "correlationVector":"","action":"Microsoft.Sync.State.UserActionableError.30Sec", "result":"Error:7"}
{"logTime": "0811/071303", "correlationVector":"","action":"Microsoft.Sync.State.Sign.In.UserActionableError.30Sec", "result":"Error:7"}
{"logTime": "0811/072120", "correlationVector":"J/iJaHUaNx+Y7JG0XU6VUa","action":"Initial GetUpdates", "result":"", "context":Reason: NEWLY_SUPPORTED_DATATYPE. cV=J/iJaHUaNx+Y7JG0XU6VUa}
{"logTime": "0811/072121", "correlationVector":"J/iJaHUaNx+Y7JG0XU6VUa.1","action":"SyncServerConnectionManagerRequest", "result":"SYNC_SERVER_OK", "context":{"environment":"Prod_germanywestcentral_prod-s01-010-eur-germanywestcentral", "migrationStage":"NotStarted", "server":"akswtt00400000q"}}
{"logTime": "0811/072121", "correlationVector":"J/iJaHUaNx+Y7JG0XU6VUa.2","action":"ProcessGetUpdates", "result":"Done", "context":{"dataType":"Passwords", "deleted":"0", "process_failed_to_decrypt":"0", "process_pending_decryption":"0", "process_success":"35", "total":"35"}}
{"logTime": "0811/072121", "correlationVector":"J/iJaHUaNx+Y7JG0XU6VUa.3","action":"GetUpdates Response", "result":"Success", "context":Received 35 update(s). cV=J/iJaHUaNx+Y7JG0XU6VUa.0;server=akswtt00400000q;cloudType=Consumer;environment=Prod_germanywestcentral_prod-s01-010-eur-germanywestcentral;migrationStage=NotStarted}
{"logTime": "0811/072121", "correlationVector":"IzsPoVbJx9FW37UvNxANVv","action":"Initial GetUpdates", "result":"", "context":Reason: NEWLY_SUPPORTED_DATATYPE. cV=IzsPoVbJx9FW37UvNxANVv}
{"logTime": "0811/072121", "correlationVector":"IzsPoVbJx9FW37UvNxANVv.1","action":"SyncServerConnectionManagerRequest", "result":"SYNC_SERVER_OK", "context":{"environment":"Prod_westeurope_prod-s01-080-eur-westeurope", "migrationStage":"NotStarted", "server":"akswtt004000012"}}
{"logTime": "0811/072121", "correlationVector":"IzsPoVbJx9FW37UvNxANVv.2","action":"ProcessGetUpdates", "result":"Done", "context":{"dataType":"Bookmarks", "deleted":"0", "process_failed_to_decrypt":"0", "process_pending_decryption":"0", "process_success":"6", "total":"6"}}
{"logTime": "0811/072121", "correlationVector":"IzsPoVbJx9FW37UvNxANVv.3","action":"ProcessGetUpdates", "result":"Done", "context":{"dataType":"Preferences", "deleted":"1", "process_failed_to_decrypt":"0", "process_pending_decryption":"0", "process_success":"76", "total":"76"}}
{"logTime": "0811/072121", "correlationVector":"IzsPoVbJx9FW37UvNxANVv.4","action":"ProcessGetUpdates", "result":"Done", "context":{"dataType":"Autofill Profiles", "deleted":"0", "process_failed_to_decrypt":"0", "process_pending_decryption":"0", "process_success":"1", "total":"1"}}
{"logTime": "0811/072121", "correlationVector":"IzsPoVbJx9FW37UvNxANVv.5","action":"ProcessGetUpdates", "result":"Done", "context":{"dataType":"Autofill", "deleted":"0", "process_failed_to_decrypt":"0", "process_pending_decryption":"0", "process_success":"42", "total":"42"}}
{"logTime": "0811/072121", "correlationVector":"IzsPoVbJx9FW37UvNxANVv.6","action":"ProcessGetUpdates", "result":"Done", "context":{"dataType":"Sessions", "deleted":"4", "process_failed_to_decrypt":"0", "process_pending_decryption":"0", "process_success":"6", "total":"6"}}
{"logTime": "0811/072121", "correlationVector":"IzsPoVbJx9FW37UvNxANVv.7","action":"GetUpdates Response", "result":"Success", "context":Received 131 update(s). cV=IzsPoVbJx9FW37UvNxANVv.0;server=akswtt004000012;cloudType=Consumer;environment=Prod_westeurope_prod-s01-080-eur-westeurope;migrationStage=NotStarted}
{"logTime": "0811/072121", "correlationVector":"H+PzDAVeVg2ntydLwy4iaL","action":"Initial GetUpdates", "result":"", "context":Reason: NEWLY_SUPPORTED_DATATYPE. cV=H+PzDAVeVg2ntydLwy4iaL}
{"logTime": "0811/072121", "correlationVector":"H+PzDAVeVg2ntydLwy4iaL.1","action":"SyncServerConnectionManagerRequest", "result":"SYNC_SERVER_OK", "context":{"environment":"Prod_westeurope_prod-s01-080-eur-westeurope", "migrationStage":"NotStarted", "server":"akswtt00400000a"}}
{"logTime": "0811/072121", "correlationVector":"H+PzDAVeVg2ntydLwy4iaL.2","action":"ProcessGetUpdates", "result":"Done", "context":{"dataType":"History", "deleted":"0", "process_failed_to_decrypt":"0", "process_pending_decryption":"0", "process_success":"24", "total":"24"}}
{"logTime": "0811/072121", "correlationVector":"H+PzDAVeVg2ntydLwy4iaL.3","action":"GetUpdates Response", "result":"Success", "context":Received 24 update(s). cV=H+PzDAVeVg2ntydLwy4iaL.0;server=akswtt00400000a;cloudType=Consumer;environment=Prod_westeurope_prod-s01-080-eur-westeurope;migrationStage=NotStarted}
{"logTime": "0811/072121", "correlationVector":"FsTZQuOvf9+i52Gd9VQ1Vr","action":"Normal GetUpdate request", "result":"", "context":cV=FsTZQuOvf9+i52Gd9VQ1Vr
Nudged types: Sessions, Device Info
Refresh requested types: Bookmarks, Preferences, Passwords, Autofill Profiles, Autofill, Extensions, Sessions, Extension settings, History Delete Directives, Device Info, User Consents, Send Tab To Self, Web Apps, History, Saved Tab Group, WebAuthn Credentials, Edge E Drop, Edge Hub App Usage, Edge Workspace, Encryption Keys}
{"logTime": "0811/072122", "correlationVector":"FsTZQuOvf9+i52Gd9VQ1Vr.1","action":"SyncServerConnectionManagerRequest", "result":"SYNC_SERVER_OK", "context":{"environment":"Prod_westeurope_prod-s01-080-eur-westeurope", "migrationStage":"NotStarted", "server":"akswtt00400000c"}}
{"logTime": "0811/072122", "correlationVector":"FsTZQuOvf9+i52Gd9VQ1Vr.2","action":"ProcessGetUpdates", "result":"Done", "context":{"dataType":"Extensions", "deleted":"0", "process_failed_to_decrypt":"0", "process_pending_decryption":"0", "process_success":"1", "total":"1"}}
{"logTime": "0811/072122", "correlationVector":"FsTZQuOvf9+i52Gd9VQ1Vr.3","action":"ProcessGetUpdates", "result":"Done", "context":{"dataType":"Device Info", "deleted":"0", "process_failed_to_decrypt":"0", "process_pending_decryption":"0", "process_success":"2", "total":"2"}}
{"logTime": "0811/072122", "correlationVector":"FsTZQuOvf9+i52Gd9VQ1Vr.4","action":"GetUpdates Response", "result":"Success", "context":Received 3 update(s). cV=FsTZQuOvf9+i52Gd9VQ1Vr.0;server=akswtt00400000c;cloudType=Consumer;environment=Prod_westeurope_prod-s01-080-eur-westeurope;migrationStage=NotStarted}
{"logTime": "0811/072122", "correlationVector":"EJEfXlkbe+X/ax06j8a4JZ","action":"Commit Request", "result":"", "context":Item count: 2
Contributing types: Sessions, Device Info}
{"logTime": "0811/072122", "correlationVector":"EJEfXlkbe+X/ax06j8a4JZ.1","action":"SyncServerConnectionManagerRequest", "result":"SYNC_SERVER_OK", "context":{"environment":"Prod_westeurope_prod-s01-080-eur-westeurope", "migrationStage":"NotStarted", "server":"akswtt00400000l"}}
{"logTime": "0811/072122", "correlationVector":"EJEfXlkbe+X/ax06j8a4JZ.2","action":"Commit Response", "result":"Success", "context":Result: Success. cV=EJEfXlkbe+X/ax06j8a4JZ.0;server=akswtt00400000l;cloudType=Consumer;environment=Prod_westeurope_prod-s01-080-eur-westeurope;migrationStage=NotStarted}
{"logTime": "0811/072215", "correlationVector":"q03lSd4971F3ZOzUuJgDCv","action":"Commit Request", "result":"", "context":Item count: 4
Contributing types: Passwords}
{"logTime": "0811/072215", "correlationVector":"q03lSd4971F3ZOzUuJgDCv.1","action":"SyncServerConnectionManagerRequest", "result":"SYNC_SERVER_OK", "context":{"environment":"Prod_westeurope_prod-s01-080-eur-westeurope", "migrationStage":"NotStarted", "server":"akswtt00400000l"}}
{"logTime": "0811/072215", "correlationVector":"q03lSd4971F3ZOzUuJgDCv.2","action":"Commit Response", "result":"Success", "context":Result: Success. cV=q03lSd4971F3ZOzUuJgDCv.0;server=akswtt00400000l;cloudType=Consumer;environment=Prod_westeurope_prod-s01-080-eur-westeurope;migrationStage=NotStarted}
