2026-08-11 07:12:20.945: [INFO][Sync] Reset engine, reason: 8
2026-08-11 07:12:20.945: [INFO][Sync] Stopped: Bookmarks
2026-08-11 07:12:20.945: [INFO][Sync] Stopped: Preferences
2026-08-11 07:12:20.945: [INFO][Sync] Stopped: Passwords
2026-08-11 07:12:20.945: [INFO][Sync] Stopped: Autofill Profiles
2026-08-11 07:12:20.945: [INFO][Sync] Stopped: Autofill
2026-08-11 07:12:20.945: [INFO][Sync] Stopped: Extensions
2026-08-11 07:12:20.945: [INFO][Sync] Stopped: Sessions
2026-08-11 07:12:20.945: [INFO][Sync] Stopped: Extension settings
2026-08-11 07:12:20.945: [INFO][Sync] Stopped: History Delete Directives
2026-08-11 07:12:20.945: [INFO][Sync] Stopped: Device Info
2026-08-11 07:12:20.945: [INFO][Sync] Stopped: User Consents
2026-08-11 07:12:20.945: [INFO][Sync] Stopped: Send Tab To Self
2026-08-11 07:12:20.945: [INFO][Sync] Stopped: Web Apps
2026-08-11 07:12:20.945: [INFO][Sync] Stopped: History
2026-08-11 07:12:20.945: [INFO][Sync] Stopped: Saved Tab Group
2026-08-11 07:12:20.945: [INFO][Sync] Stopped: WebAuthn Credentials
2026-08-11 07:12:20.945: [INFO][Sync] Stopped: Edge E Drop
2026-08-11 07:12:20.945: [INFO][Sync] Stopped: Edge Hub App Usage
2026-08-11 07:12:20.945: [INFO][Sync] Stopped: Edge Workspace
2026-08-11 07:12:20.945: [INFO][Sync] SyncState after authenticated was: NotSignedIn
2026-08-11 07:12:21.422: [INFO][Sync] Reset engine, reason: 8
2026-08-11 07:12:21.422: [INFO][Sync] Stopped: Bookmarks
2026-08-11 07:12:21.422: [INFO][Sync] Stopped: Preferences
2026-08-11 07:12:21.422: [INFO][Sync] Stopped: Passwords
2026-08-11 07:12:21.422: [INFO][Sync] Stopped: Autofill Profiles
2026-08-11 07:12:21.422: [INFO][Sync] Stopped: Autofill
2026-08-11 07:12:21.422: [INFO][Sync] Stopped: Extensions
2026-08-11 07:12:21.422: [INFO][Sync] Stopped: Sessions
2026-08-11 07:12:21.422: [INFO][Sync] Stopped: Extension settings
2026-08-11 07:12:21.422: [INFO][Sync] Stopped: History Delete Directives
2026-08-11 07:12:21.422: [INFO][Sync] Stopped: Device Info
2026-08-11 07:12:21.422: [INFO][Sync] Stopped: User Consents
2026-08-11 07:12:21.422: [INFO][Sync] Stopped: Send Tab To Self
2026-08-11 07:12:21.422: [INFO][Sync] Stopped: Web Apps
2026-08-11 07:12:21.422: [INFO][Sync] Stopped: History
2026-08-11 07:12:21.422: [INFO][Sync] Stopped: Saved Tab Group
2026-08-11 07:12:21.422: [INFO][Sync] Stopped: WebAuthn Credentials
2026-08-11 07:12:21.422: [INFO][Sync] Stopped: Edge E Drop
2026-08-11 07:12:21.422: [INFO][Sync] Stopped: Edge Hub App Usage
2026-08-11 07:12:21.422: [INFO][Sync] Stopped: Edge Workspace
2026-08-11 07:12:33.229: [INFO][Sync] Try to start sync engine
2026-08-11 07:12:33.243: [INFO][SyncManagerImpl::NudgeForInitialDownload] Initial download nudge for Encryption Keys
2026-08-11 07:12:33.243: [INFO][SyncEngineBackend::LoadAndConnectNigoriController] Load and connect Nigori controller
2026-08-11 07:12:33.243: [INFO][SyncEngineBackend::DoInitialize] Control Types added: Encryption Keys
2026-08-11 07:12:33.243: [INFO][SyncManagerImpl::ConfigureSyncer] Types to download: Encryption Keys with reason: 3
2026-08-11 07:12:33.244: [INFO][SyncSchedulerImpl::DoConfigurationSyncCycleJob] Configure job was blocked
2026-08-11 07:12:35.650: [INFO][SyncAuthManager::SetLastAuthError] Current auth error: None
2026-08-11 07:12:35.651: [INFO][SyncAuthManager::EdgeLogTokenErrorState] Token error with: None for account type: MSA
2026-08-11 07:12:35.651: [INFO][Sync] Credentials changed for: EdgeSyncScopeNew
2026-08-11 07:12:35.883: [INFO][SyncAuthManager::SetLastAuthError] Current auth error: None
2026-08-11 07:12:35.883: [INFO][SyncAuthManager::EdgeLogTokenErrorState] Token error with: None for account type: MSA
2026-08-11 07:12:35.883: [INFO][Sync] Credentials changed for: EdgeSyncKeyDataScope
2026-08-11 07:12:35.883: [INFO][SyncEngineBackend::DoUpdateKeyDataCredentials] Update key data credentials
2026-08-11 07:12:35.883: [INFO][SyncEngineBackend::DoUpdateCredentials] Update credentials
2026-08-11 07:12:35.883: [INFO][SyncSchedulerImpl::DoConfigurationSyncCycleJob] Blocked types:  and types to download: Encryption Keys
2026-08-11 07:12:36.354: [INFO][Sync] Started DataTypeManager configuration, reason: 4
2026-08-11 07:12:36.356: [INFO][Sync] Configuring for: Extensions, Extension settings, Device Info, User Consents, Send Tab To Self, Web Apps, Encryption Keys, reason: 3, current state: 0
2026-08-11 07:12:36.356: [WARN][Sync] Crypto error data types: 
2026-08-11 07:12:36.361: [INFO][Sync] Configure, desired: Extensions, Extension settings, Device Info, User Consents, Send Tab To Self, Web Apps, Encryption Keys; Allow fail: 
2026-08-11 07:12:36.362: [INFO][Sync] Loading: Extensions
2026-08-11 07:12:36.362: [INFO][Sync] Loading: Extension settings
2026-08-11 07:12:36.362: [INFO][Sync] Loading: Device Info
2026-08-11 07:12:36.362: [INFO][Sync] Loading: User Consents
2026-08-11 07:12:36.362: [INFO][Sync] Loading: Send Tab To Self
2026-08-11 07:12:36.362: [INFO][Sync] Loading: Web Apps
2026-08-11 07:12:36.378: [INFO][Sync] All data types are ready for configure.
2026-08-11 07:12:37.145: [INFO][Sync] Started DataTypeManager configuration, reason: 5
2026-08-11 07:12:37.145: [INFO][Sync] Configuring for: Extensions, Extension settings, Device Info, User Consents, Send Tab To Self, Web Apps, Encryption Keys, reason: 5, current state: 1
2026-08-11 07:12:37.161: [INFO][SyncEngineBackend::DoStartConfiguration] Start configuration
2026-08-11 07:12:37.162: [INFO][SyncManagerImpl::NudgeForInitialDownload] Initial download nudge for Extensions
2026-08-11 07:12:37.162: [INFO][SyncManagerImpl::NudgeForInitialDownload] Initial download nudge for Extension settings
2026-08-11 07:12:37.162: [INFO][SyncManagerImpl::NudgeForInitialDownload] Initial download nudge for Device Info
2026-08-11 07:12:37.162: [INFO][SyncManagerImpl::NudgeForInitialDownload] Initial download nudge for Send Tab To Self
2026-08-11 07:12:37.162: [INFO][SyncManagerImpl::NudgeForInitialDownload] Initial download nudge for Web Apps
2026-08-11 07:12:37.162: [INFO][SyncManagerImpl::ConfigureSyncer] Types to download:  with reason: 3
2026-08-11 07:12:37.162: [INFO][SyncEngineBackend::DoFinishConfigureDataTypes] Failed to download types:  and succeeded types: 
2026-08-11 07:12:37.162: [INFO][Sync] ConfigurationDone, failed: , succeeded: , remaining count: 2
2026-08-11 07:12:37.162: [WARN][Sync]     Reconfigure requested while configuration ongoing.
2026-08-11 07:12:37.162: [INFO][Sync] Configuring for: Extensions, Extension settings, Device Info, User Consents, Send Tab To Self, Web Apps, Encryption Keys, reason: 5, current state: 2
2026-08-11 07:12:37.162: [INFO][Sync] Configure, desired: Extensions, Extension settings, Device Info, User Consents, Send Tab To Self, Web Apps, Encryption Keys; Allow fail: 
2026-08-11 07:12:37.162: [INFO][Sync] All data types are ready for configure.
2026-08-11 07:12:37.162: [INFO][SyncManagerImpl::ConfigureSyncer] Types to download:  with reason: 5
2026-08-11 07:12:37.162: [INFO][SyncEngineBackend::DoFinishConfigureDataTypes] Failed to download types:  and succeeded types: 
2026-08-11 07:12:37.162: [INFO][Sync] ConfigurationDone, failed: , succeeded: , remaining count: 2
2026-08-11 07:12:37.162: [INFO][Sync] Prepare to configure types: Device Info, Encryption Keys
2026-08-11 07:12:37.162: [INFO][SyncManagerImpl::ConfigureSyncer] Types to download: Device Info, Encryption Keys with reason: 5
2026-08-11 07:12:37.162: [INFO][SyncSchedulerImpl::DoConfigurationSyncCycleJob] Blocked types:  and types to download: Device Info, Encryption Keys
2026-08-11 07:12:37.626: [INFO][SyncEngineBackend::DoFinishConfigureDataTypes] Failed to download types:  and succeeded types: Device Info, Encryption Keys
2026-08-11 07:12:40.068: [INFO][Sync] ConfigurationDone, failed: , succeeded: Device Info, Encryption Keys, remaining count: 1
2026-08-11 07:12:40.068: [INFO][Sync] Prepare to configure types: Extensions, Extension settings, Send Tab To Self, Web Apps, Encryption Keys
2026-08-11 07:12:40.068: [INFO][SyncManagerImpl::ConfigureSyncer] Types to download: Extensions, Extension settings, Send Tab To Self, Web Apps, Encryption Keys with reason: 5
2026-08-11 07:12:40.068: [INFO][SyncSchedulerImpl::DoConfigurationSyncCycleJob] Blocked types:  and types to download: Extensions, Extension settings, Send Tab To Self, Web Apps, Encryption Keys
2026-08-11 07:12:40.309: [INFO][SyncEngineBackend::DoFinishConfigureDataTypes] Failed to download types:  and succeeded types: Extensions, Extension settings, Send Tab To Self, Web Apps, Encryption Keys
2026-08-11 07:12:40.312: [INFO][Sync] ConfigurationDone, failed: , succeeded: Extensions, Extension settings, Send Tab To Self, Web Apps, Encryption Keys, remaining count: 0
2026-08-11 07:12:40.312: [INFO][Sync]     Configuration completed, state: 7
2026-08-11 07:12:40.313: [INFO][Sync] Configured DataTypeManager: Ok
2026-08-11 07:12:40.317: [INFO][SyncEngineBackend::DoStartSyncing] Start syncing
2026-08-11 07:13:16.426: [INFO][Sync] Reset engine, reason: 0
2026-08-11 07:13:16.426: [INFO][Sync] Reset engine with reason: 0
2026-08-11 07:21:14.832: [INFO][Sync] SyncState after authenticated was: FeatureNotSetup
2026-08-11 07:21:17.395: [INFO][SyncAuthManager::SetLastAuthError] Current auth error: None
2026-08-11 07:21:17.395: [INFO][SyncAuthManager::EdgeLogTokenErrorState] Token error with: None for account type: MSA
2026-08-11 07:21:17.395: [INFO][Sync] Credentials changed for: EdgeSyncKeyDataScope
2026-08-11 07:21:20.601: [INFO][Sync] Try to start sync engine
2026-08-11 07:21:20.621: [INFO][SyncEngineBackend::LoadAndConnectNigoriController] Load and connect Nigori controller
2026-08-11 07:21:20.621: [INFO][SyncAuthManager::SetLastAuthError] Current auth error: None
2026-08-11 07:21:20.621: [INFO][SyncEngineBackend::DoInitialize] Control Types added: 
2026-08-11 07:21:20.621: [INFO][SyncManagerImpl::ConfigureSyncer] Types to download:  with reason: 4
2026-08-11 07:21:20.621: [INFO][SyncAuthManager::EdgeLogTokenErrorState] Token error with: None for account type: MSA
2026-08-11 07:21:20.622: [INFO][Sync] Credentials changed for: EdgeSyncScopeNew
2026-08-11 07:21:20.622: [INFO][SyncEngineBackend::DoUpdateKeyDataCredentials] Update key data credentials
2026-08-11 07:21:20.622: [INFO][SyncEngineBackend::DoUpdateCredentials] Update credentials
2026-08-11 07:21:20.622: [INFO][SyncEngineBackend::DoUpdateKeyDataCredentials] Update key data credentials
2026-08-11 07:21:20.635: [INFO][Sync] Started DataTypeManager configuration, reason: 4
2026-08-11 07:21:20.635: [INFO][Sync] Configuring for: Bookmarks, Preferences, Passwords, Autofill Profiles, Autofill, Extensions, Sessions, Extension settings, History Delete Directives, Device Info, User Consents, Send Tab To Self, Web Apps, History, Saved Tab Group, WebAuthn Credentials, Edge E Drop, Edge Hub App Usage, Edge Workspace, Encryption Keys, reason: 4, current state: 0
2026-08-11 07:21:20.635: [INFO][SyncEngineBackend::DoStartConfiguration] Start configuration
2026-08-11 07:21:20.639: [INFO][Sync] Configure, desired: Bookmarks, Preferences, Passwords, Autofill Profiles, Autofill, Extensions, Sessions, Extension settings, History Delete Directives, Device Info, User Consents, Send Tab To Self, Web Apps, History, Saved Tab Group, WebAuthn Credentials, Edge E Drop, Edge Hub App Usage, Edge Workspace, Encryption Keys; Allow fail: 
2026-08-11 07:21:20.639: [INFO][Sync] Loading: Bookmarks
2026-08-11 07:21:20.639: [INFO][Sync] Loading: Preferences
2026-08-11 07:21:20.639: [INFO][Sync] Loading: Passwords
2026-08-11 07:21:20.639: [INFO][Sync] Loading: Autofill Profiles
2026-08-11 07:21:20.639: [INFO][Sync] Loading: Autofill
2026-08-11 07:21:20.639: [INFO][Sync] Loading: Extensions
2026-08-11 07:21:20.639: [INFO][Sync] Loading: Sessions
2026-08-11 07:21:20.639: [INFO][Sync] Loading: Extension settings
2026-08-11 07:21:20.639: [INFO][Sync] Loading: History Delete Directives
2026-08-11 07:21:20.639: [INFO][Sync] Loading: Device Info
2026-08-11 07:21:20.639: [INFO][Sync] Loading: User Consents
2026-08-11 07:21:20.639: [INFO][Sync] Loading: Send Tab To Self
2026-08-11 07:21:20.639: [INFO][Sync] Loading: Web Apps
2026-08-11 07:21:20.639: [INFO][Sync] Loading: History
2026-08-11 07:21:20.639: [INFO][Sync] Loading: Saved Tab Group
2026-08-11 07:21:20.639: [INFO][Sync] Loading: WebAuthn Credentials
2026-08-11 07:21:20.639: [INFO][Sync] Loading: Edge E Drop
2026-08-11 07:21:20.639: [INFO][Sync] Loading: Edge Hub App Usage
2026-08-11 07:21:20.639: [INFO][Sync] Loading: Edge Workspace
2026-08-11 07:21:20.666: [INFO][Sync] All data types are ready for configure.
2026-08-11 07:21:20.666: [INFO][SyncManagerImpl::NudgeForInitialDownload] Initial download nudge for Bookmarks
2026-08-11 07:21:20.666: [INFO][SyncManagerImpl::NudgeForInitialDownload] Initial download nudge for Preferences
2026-08-11 07:21:20.666: [INFO][SyncManagerImpl::NudgeForInitialDownload] Initial download nudge for Passwords
2026-08-11 07:21:20.666: [INFO][SyncManagerImpl::NudgeForInitialDownload] Initial download nudge for Autofill Profiles
2026-08-11 07:21:20.666: [INFO][SyncManagerImpl::NudgeForInitialDownload] Initial download nudge for Autofill
2026-08-11 07:21:20.666: [INFO][SyncManagerImpl::NudgeForInitialDownload] Initial download nudge for Sessions
2026-08-11 07:21:20.666: [INFO][SyncManagerImpl::NudgeForInitialDownload] Initial download nudge for History Delete Directives
2026-08-11 07:21:20.666: [INFO][SyncManagerImpl::NudgeForInitialDownload] Initial download nudge for History
2026-08-11 07:21:20.666: [INFO][SyncManagerImpl::NudgeForInitialDownload] Initial download nudge for Saved Tab Group
2026-08-11 07:21:20.666: [INFO][SyncManagerImpl::NudgeForInitialDownload] Initial download nudge for WebAuthn Credentials
2026-08-11 07:21:20.666: [INFO][SyncManagerImpl::NudgeForInitialDownload] Initial download nudge for Edge E Drop
2026-08-11 07:21:20.666: [INFO][SyncManagerImpl::NudgeForInitialDownload] Initial download nudge for Edge Hub App Usage
2026-08-11 07:21:20.666: [INFO][SyncManagerImpl::NudgeForInitialDownload] Initial download nudge for Edge Workspace
2026-08-11 07:21:20.666: [INFO][SyncManagerImpl::ConfigureSyncer] Types to download:  with reason: 4
2026-08-11 07:21:20.666: [INFO][SyncEngineBackend::DoFinishConfigureDataTypes] Failed to download types:  and succeeded types: 
2026-08-11 07:21:20.666: [INFO][Sync] ConfigurationDone, failed: , succeeded: , remaining count: 3
2026-08-11 07:21:20.666: [INFO][Sync] Prepare to configure types: Passwords, Edge E Drop, Encryption Keys
2026-08-11 07:21:20.667: [INFO][SyncManagerImpl::ConfigureSyncer] Types to download: Passwords, Edge E Drop, Encryption Keys with reason: 4
2026-08-11 07:21:20.667: [INFO][SyncSchedulerImpl::DoConfigurationSyncCycleJob] Blocked types:  and types to download: Passwords, Edge E Drop, Encryption Keys
2026-08-11 07:21:21.323: [INFO][SyncEngineBackend::DoFinishConfigureDataTypes] Failed to download types:  and succeeded types: Passwords, Edge E Drop, Encryption Keys
2026-08-11 07:21:21.344: [INFO][Sync] ConfigurationDone, failed: , succeeded: Passwords, Edge E Drop, Encryption Keys, remaining count: 2
2026-08-11 07:21:21.344: [INFO][Sync] Prepare to configure types: Bookmarks, Preferences, Autofill Profiles, Autofill, Sessions, History Delete Directives, Saved Tab Group, WebAuthn Credentials, Edge Hub App Usage, Edge Workspace, Encryption Keys
2026-08-11 07:21:21.344: [INFO][SyncManagerImpl::ConfigureSyncer] Types to download: Bookmarks, Preferences, Autofill Profiles, Autofill, Sessions, History Delete Directives, Saved Tab Group, WebAuthn Credentials, Edge Hub App Usage, Edge Workspace, Encryption Keys with reason: 4
2026-08-11 07:21:21.344: [INFO][SyncSchedulerImpl::DoConfigurationSyncCycleJob] Blocked types:  and types to download: Bookmarks, Preferences, Autofill Profiles, Autofill, Sessions, History Delete Directives, Saved Tab Group, WebAuthn Credentials, Edge Hub App Usage, Edge Workspace, Encryption Keys
2026-08-11 07:21:21.620: [INFO][SyncEngineBackend::DoFinishConfigureDataTypes] Failed to download types:  and succeeded types: Bookmarks, Preferences, Autofill Profiles, Autofill, Sessions, History Delete Directives, Saved Tab Group, WebAuthn Credentials, Edge Hub App Usage, Edge Workspace, Encryption Keys
2026-08-11 07:21:21.636: [INFO][Sync] ConfigurationDone, failed: , succeeded: Bookmarks, Preferences, Autofill Profiles, Autofill, Sessions, History Delete Directives, Saved Tab Group, WebAuthn Credentials, Edge Hub App Usage, Edge Workspace, Encryption Keys, remaining count: 1
2026-08-11 07:21:21.636: [INFO][Sync] Prepare to configure types: History, Encryption Keys
2026-08-11 07:21:21.636: [INFO][SyncManagerImpl::ConfigureSyncer] Types to download: History, Encryption Keys with reason: 4
2026-08-11 07:21:21.636: [INFO][SyncSchedulerImpl::DoConfigurationSyncCycleJob] Blocked types:  and types to download: History, Encryption Keys
2026-08-11 07:21:21.918: [INFO][SyncEngineBackend::DoFinishConfigureDataTypes] Failed to download types:  and succeeded types: History, Encryption Keys
2026-08-11 07:21:21.924: [INFO][Sync] ConfigurationDone, failed: , succeeded: History, Encryption Keys, remaining count: 0
2026-08-11 07:21:21.924: [INFO][Sync]     Configuration completed, state: 3
2026-08-11 07:21:21.925: [INFO][Sync] Configured DataTypeManager: Ok
2026-08-11 07:21:21.932: [INFO][SyncEngineBackend::DoStartSyncing] Start syncing
2026-08-11 07:35:36.634: [INFO][Sync] Reset engine, reason: 0
2026-08-11 07:35:36.634: [INFO][Sync] Reset engine with reason: 0
